// Jest Snapshot v1, https://goo.gl/fbAQLP

exports[`SettingsContext Should render SettingsContext 1`] = `
<div>
  SettingsContext
</div>
`;
